Archive member included because of file (symbol)

/work/apron/buildroot/output/host/usr/lib/gcc/arm-buildroot-linux-gnueabi/4.4.7/libgcc.a(_udivsi3.o)
                              arch/arm/cpu/arm926ejs/mxs/built-in.o (__aeabi_uidiv)
/work/apron/buildroot/output/host/usr/lib/gcc/arm-buildroot-linux-gnueabi/4.4.7/libgcc.a(_divsi3.o)
                              arch/arm/cpu/arm926ejs/mxs/built-in.o (__aeabi_idiv)
/work/apron/buildroot/output/host/usr/lib/gcc/arm-buildroot-linux-gnueabi/4.4.7/libgcc.a(_lshrdi3.o)
                              common/built-in.o (__aeabi_llsr)
/work/apron/buildroot/output/host/usr/lib/gcc/arm-buildroot-linux-gnueabi/4.4.7/libgcc.a(_ashrdi3.o)
                              drivers/mtd/nand/built-in.o (__aeabi_lasr)
/work/apron/buildroot/output/host/usr/lib/gcc/arm-buildroot-linux-gnueabi/4.4.7/libgcc.a(_ashldi3.o)
                              drivers/mtd/nand/built-in.o (__aeabi_llsl)
/work/apron/buildroot/output/host/usr/lib/gcc/arm-buildroot-linux-gnueabi/4.4.7/libgcc.a(_dvmd_lnx.o)
                              /work/apron/buildroot/output/host/usr/lib/gcc/arm-buildroot-linux-gnueabi/4.4.7/libgcc.a(_udivsi3.o) (__div0)

Discarded input sections

 .data          0x0000000000000000        0x0 arch/arm/cpu/arm926ejs/start.o
 .bss           0x0000000000000000        0x0 arch/arm/cpu/arm926ejs/start.o
 .text          0x0000000000000000        0x0 arch/arm/cpu/arm926ejs/built-in.o
 .text.invalidate_dcache_all
                0x0000000000000000        0xc arch/arm/cpu/arm926ejs/built-in.o
 .data          0x0000000000000000        0x0 arch/arm/cpu/arm926ejs/built-in.o
 .bss           0x0000000000000000        0x0 arch/arm/cpu/arm926ejs/built-in.o
 .text          0x0000000000000000        0x0 arch/arm/cpu/arm926ejs/mxs/built-in.o
 .text.mxs_set_ssp_busclock
                0x0000000000000000       0xac arch/arm/cpu/arm926ejs/mxs/built-in.o
 .text.mxs_set_lcdclk
                0x0000000000000000      0x154 arch/arm/cpu/arm926ejs/mxs/built-in.o
 .text.mxs_iomux_setup_multiple_pads
                0x0000000000000000       0x38 arch/arm/cpu/arm926ejs/mxs/built-in.o
 .text.mx28_fixup_vt
                0x0000000000000000       0x28 arch/arm/cpu/arm926ejs/mxs/built-in.o
 .text.get_timer_masked
                0x0000000000000000       0x48 arch/arm/cpu/arm926ejs/mxs/built-in.o
 .rodata.CSWTCH.65
                0x0000000000000000       0x10 arch/arm/cpu/arm926ejs/mxs/built-in.o
 .data          0x0000000000000000        0x0 arch/arm/cpu/arm926ejs/mxs/built-in.o
 .bss           0x0000000000000000        0x0 arch/arm/cpu/arm926ejs/mxs/built-in.o
 .text          0x0000000000000000        0x0 arch/arm/imx-common/built-in.o
 .data          0x0000000000000000        0x0 arch/arm/imx-common/built-in.o
 .bss           0x0000000000000000        0x0 arch/arm/imx-common/built-in.o
 .text.__red_led_off
                0x0000000000000000        0x4 arch/arm/lib/built-in.o
 .text.__green_led_on
                0x0000000000000000        0x4 arch/arm/lib/built-in.o
 .text.__green_led_off
                0x0000000000000000        0x4 arch/arm/lib/built-in.o
 .text.__yellow_led_on
                0x0000000000000000        0x4 arch/arm/lib/built-in.o
 .text.__yellow_led_off
                0x0000000000000000        0x4 arch/arm/lib/built-in.o
 .text.__blue_led_on
                0x0000000000000000        0x4 arch/arm/lib/built-in.o
 .text.__blue_led_off
                0x0000000000000000        0x4 arch/arm/lib/built-in.o
 .text.__arch_cpu_init
                0x0000000000000000        0x8 arch/arm/lib/built-in.o
 .text.set_section_dcache
                0x0000000000000000       0x14 arch/arm/lib/built-in.o
 .text.__mmu_page_table_flush
                0x0000000000000000        0x4 arch/arm/lib/built-in.o
 .text.mmu_set_region_dcache_behaviour
                0x0000000000000000       0x5c arch/arm/lib/built-in.o
 .text.__flush_cache
                0x0000000000000000        0x4 arch/arm/lib/built-in.o
 .text.__flush_dcache_all
                0x0000000000000000        0xc arch/arm/lib/built-in.o
 .text.__enable_caches
                0x0000000000000000        0xc arch/arm/lib/built-in.o
 .data          0x0000000000000000        0x0 arch/arm/lib/built-in.o
 .bss           0x0000000000000000        0x0 arch/arm/lib/built-in.o
 .text          0x0000000000000000        0x0 board/freescale/mx28evk/built-in.o
 .data          0x0000000000000000        0x0 board/freescale/mx28evk/built-in.o
 .bss           0x0000000000000000        0x0 board/freescale/mx28evk/built-in.o
 .text          0x0000000000000000        0x0 common/built-in.o
 .text.bootz_setup
                0x0000000000000000       0x18 common/built-in.o
 .text.flush_dcache_all
                0x0000000000000000        0xc common/built-in.o
 .text.device_find
                0x0000000000000000       0x4c common/built-in.o
 .text.disable_ctrlc
                0x0000000000000000       0x18 common/built-in.o
[...]
Memory Configuration

Name             Origin             Length             Attributes
*default*        0x0000000000000000 0xffffffffffffffff

Linker script and memory map

                0x0000000000000000                . = 0x0
                0x0000000000000000                . = ALIGN (0x4)

.text           0x0000000040000100    0x49a0c
 *(.__image_copy_start)
 .__image_copy_start
                0x0000000040000100        0x0 arch/arm/lib/built-in.o
                0x0000000040000100                __image_copy_start
 arch/arm/cpu/arm926ejs/start.o(.text*)
 .text          0x0000000040000100      0x360 arch/arm/cpu/arm926ejs/start.o
                0x0000000040000100                _start
                0x0000000040000140                _TEXT_BASE
                0x0000000040000144                _bss_start_ofs
                0x0000000040000148                _bss_end_ofs
                0x000000004000014c                _end_ofs
                0x0000000040000150                IRQ_STACK_START_IN
                0x000000004000016c                c_runtime_cpu_setup
 *(.text*)
 .text.flush_dcache_all
                0x0000000040000460       0x14 arch/arm/cpu/arm926ejs/built-in.o
                0x0000000040000460                flush_dcache_all
 .text.invalidate_dcache_range
                0x0000000040000474       0x28 arch/arm/cpu/arm926ejs/built-in.o
                0x0000000040000474                invalidate_dcache_range
 .text.flush_dcache_range
                0x000000004000049c       0x30 arch/arm/cpu/arm926ejs/built-in.o
                0x000000004000049c                flush_dcache_range
 .text.flush_cache
                0x00000000400004cc       0x34 arch/arm/cpu/arm926ejs/built-in.o
                0x00000000400004cc                flush_cache
 .text.__l2_cache_disable
                0x0000000040000500        0x4 arch/arm/cpu/arm926ejs/built-in.o
                0x0000000040000500                l2_cache_disable
                0x0000000040000500                __l2_cache_disable
 .text.cleanup_before_linux
                0x0000000040000504       0x24 arch/arm/cpu/arm926ejs/built-in.o
                0x0000000040000504                cleanup_before_linux
 .text.mxs_get_pclk
                0x0000000040000528       0x7c arch/arm/cpu/arm926ejs/mxs/built-in.o
 .text.mxs_set_ioclk
                0x00000000400005a4       0x68 arch/arm/cpu/arm926ejs/mxs/built-in.o
                0x00000000400005a4                mxs_set_ioclk
 .text.mxs_set_sspclk
                0x000000004000060c       0xe8 arch/arm/cpu/arm926ejs/mxs/built-in.o
                0x000000004000060c                mxs_set_sspclk
 .text.mxs_get_sspclk
                0x00000000400006f4       0x7c arch/arm/cpu/arm926ejs/mxs/built-in.o
 .text.mxc_get_clock
                0x0000000040000770      0x184 arch/arm/cpu/arm926ejs/mxs/built-in.o
                0x0000000040000770                mxc_get_clock
 .text.mxs_iomux_setup_pad
                0x00000000400008f4      0x108 arch/arm/cpu/arm926ejs/mxs/built-in.o
                0x00000000400008f4                mxs_iomux_setup_pad
 .text.lowlevel_init
                0x00000000400009fc        0x4 arch/arm/cpu/arm926ejs/mxs/built-in.o
                0x00000000400009fc                lowlevel_init
 .text.reset_cpu
                0x0000000040000a00       0x30 arch/arm/cpu/arm926ejs/mxs/built-in.o
                0x0000000040000a00                reset_cpu
 .text.arch_misc_init
                0x0000000040000a30       0x30 arch/arm/cpu/arm926ejs/mxs/built-in.o
                0x0000000040000a30                arch_misc_init
 .text.mx28_adjust_mac
                0x0000000040000a60       0x24 arch/arm/cpu/arm926ejs/mxs/built-in.o
                0x0000000040000a60                mx28_adjust_mac
 .text.mxs_dram_init
                0x0000000040000a84       0x30 arch/arm/cpu/arm926ejs/mxs/built-in.o
                0x0000000040000a84                mxs_dram_init
 .text.imx_get_mac_from_fuse
                0x0000000040000ab4       0x94 arch/arm/cpu/arm926ejs/mxs/built-in.o
                0x0000000040000ab4                imx_get_mac_from_fuse
 .text.cpu_eth_init
                0x0000000040000b48       0x54 arch/arm/cpu/arm926ejs/mxs/built-in.o
                0x0000000040000b48                cpu_eth_init
 .text.do_mx28_showclocks
                0x0000000040000b9c       0x88 arch/arm/cpu/arm926ejs/mxs/built-in.o
                0x0000000040000b9c                do_mx28_showclocks
 .text.print_cpuinfo
                0x0000000040000c24       0xf0 arch/arm/cpu/arm926ejs/mxs/built-in.o
                0x0000000040000c24                print_cpuinfo
 .text.arch_cpu_init
                0x0000000040000d14       0x74 arch/arm/cpu/arm926ejs/mxs/built-in.o
                0x0000000040000d14                arch_cpu_init
 .text.enable_caches
                0x0000000040000d88       0x10 arch/arm/cpu/arm926ejs/mxs/built-in.o
                0x0000000040000d88                enable_caches
 .text.get_ticks
                0x0000000040000d98       0x4c arch/arm/cpu/arm926ejs/mxs/built-in.o
                0x0000000040000d98                get_ticks
 .text.get_timer
                0x0000000040000de4       0x50 arch/arm/cpu/arm926ejs/mxs/built-in.o
                0x0000000040000de4                get_timer
 .text.__udelay
                0x0000000040000e34       0x44 arch/arm/cpu/arm926ejs/mxs/built-in.o
                0x0000000040000e34                __udelay
 .text.get_tbclk
                0x0000000040000e78        0x8 arch/arm/cpu/arm926ejs/mxs/built-in.o
                0x0000000040000e78                get_tbclk
 .text.timer_init
                0x0000000040000e80       0x3c arch/arm/cpu/arm926ejs/mxs/built-in.o
                0x0000000040000e80                timer_init
 .text.mxs_wait_mask_clr
                0x0000000040000ebc       0x3c arch/arm/imx-common/built-in.o
                0x0000000040000ebc                mxs_wait_mask_clr
 .text.mxs_wait_mask_set
                0x0000000040000ef8       0x40 arch/arm/imx-common/built-in.o
                0x0000000040000ef8                mxs_wait_mask_set
 .text.mxs_reset_block
                0x0000000040000f38       0x90 arch/arm/imx-common/built-in.o
                0x0000000040000f38                mxs_reset_block
 .text          0x0000000040000fc8       0xe8 arch/arm/lib/built-in.o
                0x0000000040000fc8                _main
                0x000000004000104c                relocate_code
 .text.__coloured_LED_init
                0x00000000400010b0        0x4 arch/arm/lib/built-in.o
                0x00000000400010b0                coloured_LED_init
                0x00000000400010b0                __coloured_LED_init
 .text.__red_led_on
                0x00000000400010b4        0x4 arch/arm/lib/built-in.o
                0x00000000400010b4                __red_led_on
                0x00000000400010b4                red_led_on
 .text.__dram_init_banksize
                0x00000000400010b8       0x1c arch/arm/lib/built-in.o
                0x00000000400010b8                __dram_init_banksize
                0x00000000400010b8                dram_init_banksize
 .text.__power_init_board
                0x00000000400010d4        0x8 arch/arm/lib/built-in.o
                0x00000000400010d4                __power_init_board
                0x00000000400010d4                power_init_board
 .text.display_banner
                0x00000000400010dc       0x20 arch/arm/lib/built-in.o
 .text.init_baudrate
                0x00000000400010fc       0x2c arch/arm/lib/built-in.o
 .text.mark_bootstage
                0x0000000040001128       0x14 arch/arm/lib/built-in.o
 .text.board_init_r
                0x000000004000113c       0xbc arch/arm/lib/built-in.o
                0x000000004000113c                board_init_r
 .text.board_init_f
                0x00000000400011f8      0x138 arch/arm/lib/built-in.o
                0x00000000400011f8                board_init_f
 .text.arch_fixup_memory_node
                0x0000000040001330       0x3c arch/arm/lib/built-in.o
                0x0000000040001330                arch_fixup_memory_node
 .text.setup_board_tags
                0x000000004000136c        0x4 arch/arm/lib/built-in.o
                0x000000004000136c                setup_board_tags
 .text.boot_jump_vxworks
                0x0000000040001370       0x18 arch/arm/lib/built-in.o
                0x0000000040001370                boot_jump_vxworks
 .text.boot_prep_vxworks
                0x0000000040001388       0x4c arch/arm/lib/built-in.o
                0x0000000040001388                boot_prep_vxworks
 .text.bootz_setup
                0x00000000400013d4       0x5c arch/arm/lib/built-in.o
                0x00000000400013d4                bootz_setup
 .text.boot_prep_linux
                0x0000000040001430      0x140 arch/arm/lib/built-in.o
 .text.boot_jump_linux
                0x0000000040001570       0xb4 arch/arm/lib/built-in.o
 .text.do_bootm_linux
                0x0000000040001624       0x64 arch/arm/lib/built-in.o
                0x0000000040001624                do_bootm_linux
 .text.arch_lmb_reserve
                0x0000000040001688       0x24 arch/arm/lib/built-in.o
                0x0000000040001688                arch_lmb_reserve
 .text.__arm_init_before_mmu
                0x00000000400016ac        0x4 arch/arm/lib/built-in.o
                0x00000000400016ac                arm_init_before_mmu
                0x00000000400016ac                __arm_init_before_mmu
 .text.arm_init_domains
                0x00000000400016b0        0x4 arch/arm/lib/built-in.o
                0x00000000400016b0                arm_init_domains
 .text.dram_bank_mmu_setup
                0x00000000400016b4       0x58 arch/arm/lib/built-in.o
                0x00000000400016b4                dram_bank_mmu_setup
 .text.icache_status
                0x000000004000170c       0x10 arch/arm/lib/built-in.o
                0x000000004000170c                icache_status
 .text.dcache_status
                0x000000004000171c       0x10 arch/arm/lib/built-in.o
                0x000000004000171c                dcache_status
 .text.cache_disable
                0x000000004000172c       0x8c arch/arm/lib/built-in.o
 .text.dcache_disable
                0x00000000400017b8        0x8 arch/arm/lib/built-in.o
                0x00000000400017b8                dcache_disable
 .text.icache_disable
                0x00000000400017c0        0x8 arch/arm/lib/built-in.o
                0x00000000400017c0                icache_disable
 .text.cache_enable
                0x00000000400017c8       0xcc arch/arm/lib/built-in.o
 .text.icache_enable
                0x0000000040001894        0x8 arch/arm/lib/built-in.o
                0x0000000040001894                icache_enable
 .text.dcache_enable
                0x000000004000189c        0x8 arch/arm/lib/built-in.o
                0x000000004000189c                dcache_enable
 .text.interrupt_init
                0x00000000400018a4       0x1c arch/arm/lib/built-in.o
                0x00000000400018a4                interrupt_init
 .text.enable_interrupts
                0x00000000400018c0        0x4 arch/arm/lib/built-in.o
                0x00000000400018c0                enable_interrupts
 .text.disable_interrupts
                0x00000000400018c4        0x8 arch/arm/lib/built-in.o
                0x00000000400018c4                disable_interrupts
 .text.show_regs
                0x00000000400018cc      0x140 arch/arm/lib/built-in.o
                0x00000000400018cc                show_regs
 .text.bad_mode
                0x0000000040001a0c       0x10 arch/arm/lib/built-in.o
                0x0000000040001a0c                bad_mode
 .text.do_irq   0x0000000040001a1c       0x24 arch/arm/lib/built-in.o
                0x0000000040001a1c                do_irq
 .text.do_fiq   0x0000000040001a40       0x24 arch/arm/lib/built-in.o
                0x0000000040001a40                do_fiq
 .text.do_not_used
                0x0000000040001a64       0x24 arch/arm/lib/built-in.o
                0x0000000040001a64                do_not_used
 .text.do_data_abort
                0x0000000040001a88       0x24 arch/arm/lib/built-in.o
                0x0000000040001a88                do_data_abort
 .text.do_prefetch_abort
                0x0000000040001aac       0x24 arch/arm/lib/built-in.o
                0x0000000040001aac                do_prefetch_abort
 .text.do_software_interrupt
                0x0000000040001ad0       0x24 arch/arm/lib/built-in.o
                0x0000000040001ad0                do_software_interrupt
 .text.do_undefined_instruction
                0x0000000040001af4       0x24 arch/arm/lib/built-in.o
                0x0000000040001af4                do_undefined_instruction
 .text.do_reset
                0x0000000040001b18       0x30 arch/arm/lib/built-in.o
                0x0000000040001b18                do_reset
 .text.board_init
                0x0000000040001b48       0x18 board/freescale/mx28evk/built-in.o
                0x0000000040001b48                board_init
 .text.board_eth_init
                0x0000000040001b60       0xb0 board/freescale/mx28evk/built-in.o
                0x0000000040001b60                board_eth_init
 .text.dram_init
                0x0000000040001c10        0x4 board/freescale/mx28evk/built-in.o
                0x0000000040001c10                dram_init
 .text.board_early_init_f
                0x0000000040001c14       0x7c board/freescale/mx28evk/built-in.o
                0x0000000040001c14                board_early_init_f
 .text.do_bdinfo
                0x0000000040001c90      0x1a8 common/built-in.o
                0x0000000040001c90                do_bdinfo
 .text.do_go_exec
                0x0000000040001e38       0x18 common/built-in.o
                0x0000000040001e38                do_go_exec
 .text.do_go    0x0000000040001e50       0x70 common/built-in.o
 .text.__arch_preboot_os
                0x0000000040001ec0        0x4 common/built-in.o
                0x0000000040001ec0                arch_preboot_os
 .text.image_info
                0x0000000040001ec4       0xe4 common/built-in.o
 .text.do_iminfo
                0x0000000040001fa8       0x60 common/built-in.o
 .text.bootm_find_ramdisk
                0x0000000040002008       0x48 common/built-in.o
 .text.bootm_find_fdt
                0x0000000040002050       0x5c common/built-in.o
 .text.copy_args
                0x00000000400020ac       0x54 common/built-in.o
 .text.do_bootm_plan9
                0x0000000040002100       0xa0 common/built-in.o
 .text.do_bootm_rtems
                0x00000000400021a0       0x3c common/built-in.o
 .text.do_bootm_standalone
                0x00000000400021dc       0x7c common/built-in.o
 .text.do_bootm_netbsd
                0x0000000040002258       0xf0 common/built-in.o
 .text.do_bootvx_fdt
                0x0000000040002348      0x104 common/built-in.o
                0x0000000040002348                do_bootvx_fdt
 .text.do_bootm_vxworks
                0x000000004000244c       0x20 common/built-in.o
 .text.do_bootd
                0x000000004000246c       0x24 common/built-in.o
                0x000000004000246c                do_bootd
 .text.T.170    0x0000000040002490      0x848 common/built-in.o
 .text.do_bootm
                0x0000000040002cd8       0xd8 common/built-in.o
                0x0000000040002cd8                do_bootm
 .text.bootm_maybe_autostart
                0x0000000040002db0       0x74 common/built-in.o
                0x0000000040002db0                bootm_maybe_autostart
 .text.do_bootz
                0x0000000040002e24      0x104 common/built-in.o
                0x0000000040002e24                do_bootz
 .text.parse_argv
                0x0000000040002f28       0x58 common/built-in.o
 .text.do_dcache
                0x0000000040002f80       0x8c common/built-in.o
                0x0000000040002f80                do_dcache
 .text.invalidate_icache_all
                0x000000004000300c        0xc common/built-in.o
                0x000000004000300c                invalidate_icache_all
 .text.do_icache
                0x0000000040003018       0x8c common/built-in.o
                0x0000000040003018                do_icache
 .text.do_coninfo
                0x00000000400030a4       0xe0 common/built-in.o
 .text.mk_date  0x0000000040003184      0x288 common/built-in.o
                0x0000000040003184                mk_date
 .text.do_date  0x000000004000340c      0x118 common/built-in.o
 .text.common_diskboot
                0x0000000040003524      0x254 common/built-in.o
                0x0000000040003524                common_diskboot
 .text.do_echo  0x0000000040003778       0xbc common/built-in.o
 .text.do_exit  0x0000000040003834       0x30 common/built-in.o
 .text.do_fat_fsinfo
                0x0000000040003864       0x94 common/built-in.o
 .text.do_fat_ls
                0x00000000400038f8       0x14 common/built-in.o
 .text.do_fat_fsload
                0x000000004000390c       0x14 common/built-in.o
                0x000000004000390c                do_fat_fsload
 .text.is_printable_string
                0x0000000040003920       0x94 common/built-in.o
 .text.fdt_valid
                0x00000000400039b4       0xfc common/built-in.o
 .text.print_data
                0x0000000040003ab0      0x188 common/built-in.o
 .text.set_working_fdt_addr
                0x0000000040003c38       0x20 common/built-in.o
                0x0000000040003c38                set_working_fdt_addr
 .text.do_fdt   0x0000000040003c58     0x101c common/built-in.o
 .text.do_gpio  0x0000000040004c74      0x120 common/built-in.o
 .text.do_help  0x0000000040004d94       0x48 common/built-in.o
 .text.evalexp  0x0000000040004ddc       0x6c common/built-in.o
 .text.binary_test
                0x0000000040004e48      0x1e8 common/built-in.o
 .text.do_itest
                0x0000000040005030       0x94 common/built-in.o
 .text.bin_data_init
                0x00000000400050c4       0x2c common/built-in.o
 .text.bin_data_char
                0x00000000400050f0       0x28 common/built-in.o
 .text.load_serial_ymodem
                0x0000000040005118       0xe4 common/built-in.o
 .text.getcxmodem
                0x00000000400051fc       0x20 common/built-in.o
 .text.load_serial
                0x000000004000521c      0x208 common/built-in.o
 .text.do_load_serial
                0x0000000040005424       0xe0 common/built-in.o
 .text.T.106    0x0000000040005504       0x58 common/built-in.o
 .text.do_load_serial_bin
                0x000000004000555c      0x908 common/built-in.o
 .text.do_mem_loop
                0x0000000040005e64       0xf4 common/built-in.o
 .text.do_mem_mw
                0x0000000040005f58       0xb8 common/built-in.o
 .text.do_mem_base
                0x0000000040006010       0x44 common/built-in.o
 .text.do_mem_cmp
                0x0000000040006054      0x150 common/built-in.o
 .text.do_mem_crc
                0x00000000400061a4       0x3c common/built-in.o
 .text.do_mem_cp
                0x00000000400061e0       0xcc common/built-in.o
 .text.mod_mem  0x00000000400062ac      0x164 common/built-in.o
 .text.do_mem_nm
                0x0000000040006410       0x20 common/built-in.o
 .text.do_mem_mm
                0x0000000040006430       0x20 common/built-in.o
 .text.do_mem_md
                0x0000000040006450       0xe0 common/built-in.o
 .text.extract_range
                0x0000000040006530       0x50 common/built-in.o
 .text.do_mii   0x0000000040006580      0x7a8 common/built-in.o
 .text.do_sleep
                0x0000000040006d28       0x70 common/built-in.o
 .text.mtd_part_info
                0x0000000040006d98       0x94 common/built-in.o
 .text.memsize_format
                0x0000000040006e2c       0xa4 common/built-in.o
 .text.index_partitions
                0x0000000040006ed0       0xb8 common/built-in.o
 .text.current_save
                0x0000000040006f88       0xbc common/built-in.o
 .text.part_sort_add
                0x0000000040007044      0x168 common/built-in.o
 .text.device_del
                0x00000000400071ac       0xbc common/built-in.o
 .text.memsize_parse
                0x0000000040007268       0x80 common/built-in.o
 .text.get_mtd_info
                0x00000000400072e8       0x80 common/built-in.o
 .text.part_validate
                0x0000000040007368      0x36c common/built-in.o
 .text.device_parse
                0x00000000400076d4      0x5ac common/built-in.o
 .text.mtd_id_parse
                0x0000000040007c80      0x10c common/built-in.o
                0x0000000040007c80                mtd_id_parse
 .text.find_dev_and_part
                0x0000000040007d8c      0x1f0 common/built-in.o
                0x0000000040007d8c                find_dev_and_part
 .text.T.218    0x0000000040007f7c       0x9c common/built-in.o
 .text.mtd_devices_init
                0x0000000040008018       0x2c common/built-in.o
 .text.mtdparts_init
                0x0000000040008044      0x6dc common/built-in.o
                0x0000000040008044                mtdparts_init
 .text.do_chpart
                0x0000000040008720       0xd0 common/built-in.o
 .text.T.217    0x00000000400087f0      0x2f0 common/built-in.o
 .text.do_mtdparts
                0x0000000040008ae0      0x620 common/built-in.o
 .text.set_dev  0x0000000040009100       0x70 common/built-in.o
 .text.nand_load_image
                0x0000000040009170      0x1d0 common/built-in.o
 .text.do_nandboot
                0x0000000040009340      0x258 common/built-in.o
 .text.nand_print_and_set_info
                0x0000000040009598       0xbc common/built-in.o
 .text.arg_off  0x0000000040009654      0x124 common/built-in.o
 .text.arg_off_size
                0x0000000040009778      0x174 common/built-in.o
 .text.do_nand  0x00000000400098ec      0xca8 common/built-in.o
 .text.do_ping  0x000000004000a594       0x74 common/built-in.o
 .text.netboot_common
                0x000000004000a608      0x2b4 common/built-in.o
 .text.do_nfs   0x000000004000a8bc        0xc common/built-in.o
 .text.do_dhcp  0x000000004000a8c8        0xc common/built-in.o
 .text.do_bootp
                0x000000004000a8d4        0xc common/built-in.o
 .text.do_tftpb
                0x000000004000a8e0       0x40 common/built-in.o
                0x000000004000a8e0                do_tftpb
 .text.get_env_id
                0x000000004000a920       0x10 common/built-in.o
                0x000000004000a920                get_env_id
 .text.do_env_delete
                0x000000004000a930       0xa0 common/built-in.o
 .text._do_env_set
                0x000000004000a9d0      0x1cc common/built-in.o
 .text.do_env_set
                0x000000004000ab9c       0x20 common/built-in.o
 .text.setenv   0x000000004000abbc       0x64 common/built-in.o
                0x000000004000abbc                setenv
 .text.env_print
                0x000000004000ac20       0xd0 common/built-in.o
 .text.do_env_print
                0x000000004000acf0       0xd0 common/built-in.o
 .text.setenv_hex
                0x000000004000adc0       0x38 common/built-in.o
                0x000000004000adc0                setenv_hex
 .text.do_env   0x000000004000adf8       0x5c common/built-in.o
 .text.do_env_import
                0x000000004000ae54      0x250 common/built-in.o
 .text.do_env_export
                0x000000004000b0a4      0x270 common/built-in.o
 .text.do_env_default
                0x000000004000b314       0xa8 common/built-in.o
 .text.do_env_save
                0x000000004000b3bc       0x2c common/built-in.o
 .text.envmatch
                0x000000004000b3e8       0x64 common/built-in.o
                0x000000004000b3e8                envmatch
 .text.getenv_f
                0x000000004000b44c       0xc0 common/built-in.o
                0x000000004000b44c                getenv_f
 .text.getenv   0x000000004000b50c       0x80 common/built-in.o
                0x000000004000b50c                getenv
 .text.do_env_edit
                0x000000004000b58c       0x7c common/built-in.o
 .text.getenv_ulong
                0x000000004000b608       0x30 common/built-in.o
                0x000000004000b608                getenv_ulong
 .text.getenv_hex
                0x000000004000b638       0x34 common/built-in.o
                0x000000004000b638                getenv_hex
 .text.setenv_ulong
                0x000000004000b66c       0x20 common/built-in.o
                0x000000004000b66c                setenv_ulong
 .text.get_arg  0x000000004000b68c       0x50 common/built-in.o
 .text.do_setexpr
                0x000000004000b6dc      0x15c common/built-in.o
 .text.source   0x000000004000b838      0x108 common/built-in.o
                0x000000004000b838                source
 .text.do_source
                0x000000004000b940       0x44 common/built-in.o
                0x000000004000b940                do_source
 .text.do_false
                0x000000004000b984        0x8 common/built-in.o
 .text.do_true  0x000000004000b98c        0x8 common/built-in.o
 .text.do_test  0x000000004000b994      0x468 common/built-in.o
 .text.ubi_find_volume
                0x000000004000bdfc       0x68 common/built-in.o
 .text.ubi_volume_read
                0x000000004000be64      0x1e8 common/built-in.o
                0x000000004000be64                ubi_volume_read
 .text.ubi_volume_continue_write
                0x000000004000c04c       0xb8 common/built-in.o
                0x000000004000c04c                ubi_volume_continue_write
 .text.ubi_volume_begin_write
                0x000000004000c104       0x9c common/built-in.o
                0x000000004000c104                ubi_volume_begin_write
 .text.ubi_volume_write
                0x000000004000c1a0        0x8 common/built-in.o
                0x000000004000c1a0                ubi_volume_write
 .text.ubi_part
                0x000000004000c1a8      0x254 common/built-in.o
                0x000000004000c1a8                ubi_part
 .text.do_ubi   0x000000004000c3fc      0x978 common/built-in.o
 .text.ubifs_is_mounted
                0x000000004000cd74       0x10 common/built-in.o
                0x000000004000cd74                ubifs_is_mounted
 .text.do_ubifs_load
                0x000000004000cd84       0xc8 common/built-in.o
                0x000000004000cd84                do_ubifs_load
 .text.do_ubifs_ls
                0x000000004000ce4c       0x64 common/built-in.o
                0x000000004000ce4c                do_ubifs_ls
 .text.cmd_ubifs_umount
                0x000000004000ceb0       0x60 common/built-in.o
                0x000000004000ceb0                cmd_ubifs_umount
 .text.do_ubifs_umount
                0x000000004000cf10       0x40 common/built-in.o
                0x000000004000cf10                do_ubifs_umount
 .text.do_ubifs_mount
                0x000000004000cf50       0x5c common/built-in.o
                0x000000004000cf50                do_ubifs_mount
 .text.usb_get_class_desc
                0x000000004000cfac       0xa8 common/built-in.o
 .text.do_usbboot
                0x000000004000d054        0xc common/built-in.o
 .text.usb_display_class_sub
                0x000000004000d060      0x174 common/built-in.o
 .text.usb_show_tree_graph
                0x000000004000d1d4      0x214 common/built-in.o
 .text.usb_display_desc
                0x000000004000d3e8      0x130 common/built-in.o
 .text.usb_display_string
                0x000000004000d518       0x48 common/built-in.o
 .text.usb_display_config
                0x000000004000d560      0x22c common/built-in.o
 .text.do_usb   0x000000004000d78c      0x7c8 common/built-in.o
 .text.do_version
                0x000000004000df54       0x38 common/built-in.o
 .text.do_imgextract
                0x000000004000df8c      0x2b0 common/built-in.o
 .text.cmd_get_data_size
                0x000000004000e23c       0x50 common/built-in.o
                0x000000004000e23c                cmd_get_data_size
 .text.cmd_usage
                0x000000004000e28c       0x5c common/built-in.o
                0x000000004000e28c                cmd_usage
 .text.var_complete
                0x000000004000e2e8       0x7c common/built-in.o
                0x000000004000e2e8                var_complete
 .text.find_cmd_tbl
                0x000000004000e364       0x9c common/built-in.o
                0x000000004000e364                find_cmd_tbl
 .text.find_cmd
                0x000000004000e400       0x28 common/built-in.o
                0x000000004000e400                find_cmd
 .text.cmd_process
                0x000000004000e428       0xf0 common/built-in.o
                0x000000004000e428                cmd_process
 .text._do_help
                0x000000004000e518      0x17c common/built-in.o
                0x000000004000e518                _do_help
 .text.cmd_auto_complete
                0x000000004000e694      0x4a8 common/built-in.o
                0x000000004000e694                cmd_auto_complete
 .text.console_setfile
                0x000000004000eb3c       0xa0 common/built-in.o
 .text.fgetc    0x000000004000ebdc       0x28 common/built-in.o
                0x000000004000ebdc                fgetc
 .text.ftstc    0x000000004000ec04       0x28 common/built-in.o
                0x000000004000ec04                ftstc
 .text.fputc    0x000000004000ec2c       0x2c common/built-in.o
                0x000000004000ec2c                fputc
 .text.fputs    0x000000004000ec58       0x2c common/built-in.o
                0x000000004000ec58                fputs
 .text.had_ctrlc
                0x000000004000ec84       0x10 common/built-in.o
                0x000000004000ec84                had_ctrlc
 .text.clear_ctrlc
                0x000000004000ec94       0x14 common/built-in.o
                0x000000004000ec94                clear_ctrlc
 .text.console_init_f
                0x000000004000eca8       0x10 common/built-in.o
                0x000000004000eca8                console_init_f
 .text.search_device
                0x000000004000ecb8       0x28 common/built-in.o
                0x000000004000ecb8                search_device
 .text.console_assign
                0x000000004000ece0       0x40 common/built-in.o
                0x000000004000ece0                console_assign
 .text.puts     0x000000004000ed20       0x28 common/built-in.o
                0x000000004000ed20                puts
 .text.vprintf  0x000000004000ed48       0x50 common/built-in.o
                0x000000004000ed48                vprintf
 .text.printf   0x000000004000ed98       0x64 common/built-in.o
                0x000000004000ed98                printf
 .text.on_console
                0x000000004000edfc       0xb8 common/built-in.o
 .text.stdio_print_current_devices
                0x000000004000eeb4       0xb8 common/built-in.o
                0x000000004000eeb4                stdio_print_current_devices
 .text.console_init_r
                0x000000004000ef6c       0xf0 common/built-in.o
                0x000000004000ef6c                console_init_r
 .text.putc     0x000000004000f05c       0x28 common/built-in.o
                0x000000004000f05c                putc
 .text.tstc     0x000000004000f084       0x24 common/built-in.o
                0x000000004000f084                tstc
 .text.getc     0x000000004000f0a8       0x24 common/built-in.o
                0x000000004000f0a8                getc
 .text.ctrlc    0x000000004000f0cc       0x58 common/built-in.o
                0x000000004000f0cc                ctrlc
 .text.mem_malloc_init
                0x000000004000f124       0x3c common/built-in.o
                0x000000004000f124                mem_malloc_init
 .text.sbrk     0x000000004000f160       0x6c common/built-in.o
                0x000000004000f160                sbrk
 .text.malloc_trim
                0x000000004000f1cc       0xd4 common/built-in.o
                0x000000004000f1cc                malloc_trim
 .text.free     0x000000004000f2a0      0x22c common/built-in.o
                0x000000004000f2a0                free
 .text.malloc   0x000000004000f4cc      0x61c common/built-in.o
                0x000000004000f4cc                malloc
 .text.memalign
                0x000000004000fae8      0x110 common/built-in.o
                0x000000004000fae8                memalign
 .text.calloc   0x000000004000fbf8       0xe0 common/built-in.o
                0x000000004000fbf8                calloc
 .text.realloc  0x000000004000fcd8      0x460 common/built-in.o
                0x000000004000fcd8                realloc
 .text.reverse_strstr
                0x0000000040010138       0x5c common/built-in.o
 .text.env_attr_lookup
                0x0000000040010194      0x128 common/built-in.o
                0x0000000040010194                env_attr_lookup
 .text.env_attr_walk
                0x00000000400102bc      0x10c common/built-in.o
                0x00000000400102bc                env_attr_walk
 .text.clear_callback
                0x00000000400103c8       0x10 common/built-in.o
 .text.on_callbacks
                0x00000000400103d8       0x48 common/built-in.o
 .text.find_env_callback
                0x0000000040010420       0x5c common/built-in.o
 .text.set_callback
                0x000000004001047c       0x94 common/built-in.o
 .text.env_callback_init
                0x0000000040010510       0xc8 common/built-in.o
                0x0000000040010510                env_callback_init
 .text.__env_get_char_spec
                0x00000000400105d8        0xc common/built-in.o
                0x00000000400105d8                env_get_char_spec
 .text.env_get_char
                0x00000000400105e4       0x4c common/built-in.o
                0x00000000400105e4                env_get_char
 .text.env_complete
                0x0000000040010630       0xe4 common/built-in.o
                0x0000000040010630                env_complete
 .text.set_default_vars
                0x0000000040010714       0x38 common/built-in.o
                0x0000000040010714                set_default_vars
 .text.set_default_env
                0x000000004001074c       0xc4 common/built-in.o
                0x000000004001074c                set_default_env
 .text.env_relocate
                0x0000000040010810       0x30 common/built-in.o
                0x0000000040010810                env_relocate
 .text.env_import
                0x0000000040010840       0xe0 common/built-in.o
                0x0000000040010840                env_import
 .text.getenv_default
                0x0000000040010920       0x30 common/built-in.o
                0x0000000040010920                getenv_default
 .text.getenv_yesno
                0x0000000040010950       0x4c common/built-in.o
                0x0000000040010950                getenv_yesno
 .text.skip_num
                0x000000004001099c       0x78 common/built-in.o
 .text.clear_flags
                0x0000000040010a14       0x10 common/built-in.o
 .text.on_flags
                0x0000000040010a24       0x48 common/built-in.o
 .text.env_flags_validate
                0x0000000040010a6c      0x334 common/built-in.o
                0x0000000040010a6c                env_flags_validate
 .text.env_flags_parse_varaccess
                0x0000000040010da0       0x50 common/built-in.o
                0x0000000040010da0                env_flags_parse_varaccess
 .text.env_flags_parse_vartype
                0x0000000040010df0       0x4c common/built-in.o
                0x0000000040010df0                env_flags_parse_vartype
 .text.env_parse_flags_to_bin
                0x0000000040010e3c       0x2c common/built-in.o
 .text.set_flags
                0x0000000040010e68       0x90 common/built-in.o
 .text.env_flags_init
                0x0000000040010ef8       0xbc common/built-in.o
                0x0000000040010ef8                env_flags_init
 .text.env_init
                0x0000000040010fb4       0x1c common/built-in.o
                0x0000000040010fb4                env_init
 .text.readenv  0x0000000040010fd0       0xd0 common/built-in.o
                0x0000000040010fd0                readenv
 .text.env_relocate_spec
                0x00000000400110a0      0x1d4 common/built-in.o
                0x00000000400110a0                env_relocate_spec
 .text.writeenv
                0x0000000040011274       0xb0 common/built-in.o
                0x0000000040011274                writeenv
 .text.erase_and_write_env
                0x0000000040011324       0x84 common/built-in.o
 .text.saveenv  0x00000000400113a8      0x140 common/built-in.o
                0x00000000400113a8                saveenv
 .text.dummy    0x00000000400114e8        0x4 common/built-in.o
 .text.get_version
                0x00000000400114ec        0x8 common/built-in.o
                0x00000000400114ec                get_version
 .text.jumptable_init
                0x00000000400114f4      0x1e0 common/built-in.o
                0x00000000400114f4                jumptable_init
 .text.get_cells_len
                0x00000000400116d4       0x4c common/built-in.o
 .text.fdt_resize
                0x0000000040011720      0x118 common/built-in.o
                0x0000000040011720                fdt_resize
 .text.fdt_initrd
                0x0000000040011838      0x280 common/built-in.o
                0x0000000040011838                fdt_initrd
 .text.fdt_fixup_memory_banks
                0x0000000040011ab8      0x228 common/built-in.o
                0x0000000040011ab8                fdt_fixup_memory_banks
 .text.fdt_fixup_memory
                0x0000000040011ce0       0x20 common/built-in.o
                0x0000000040011ce0                fdt_fixup_memory
 .text.fdt_chosen
                0x0000000040011d00      0x104 common/built-in.o
                0x0000000040011d00                fdt_chosen
 .text.fdt_find_and_setprop
                0x0000000040011e04       0x70 common/built-in.o
                0x0000000040011e04                fdt_find_and_setprop
 .text.do_fixup_by_path
                0x0000000040011e74       0x54 common/built-in.o
                0x0000000040011e74                do_fixup_by_path
 .text.fdt_fixup_ethernet
                0x0000000040011ec8      0x12c common/built-in.o
                0x0000000040011ec8                fdt_fixup_ethernet
 .text.hash_command
                0x0000000040011ff4       0xa4 common/built-in.o
                0x0000000040011ff4                hash_command
 .text.static_get
                0x0000000040012098       0x1c common/built-in.o
 .text.static_peek
                0x00000000400120b4        0xc common/built-in.o
 .text.file_peek
                0x00000000400120c0        0xc common/built-in.o
 .text.do_showvar
                0x00000000400120cc       0xec common/built-in.o
 .text.u_boot_hush_start
                0x00000000400121b8       0x50 common/built-in.o
                0x00000000400121b8                u_boot_hush_start
 .text.xmalloc  0x0000000040012208       0x20 common/built-in.o
 .text.file_get
                0x0000000040012228      0x1bc common/built-in.o
 .text.free_pipe_list
                0x00000000400123e4       0xe4 common/built-in.o
 .text.xrealloc
                0x00000000400124c8       0x20 common/built-in.o
 .text.done_command
                0x00000000400124e8       0x88 common/built-in.o
 .text.initialize_context
                0x0000000040012570       0x50 common/built-in.o
 .text.done_pipe
                0x00000000400125c0       0x60 common/built-in.o
 .text.b_addchr
                0x0000000040012620       0x78 common/built-in.o
 .text.done_word
                0x0000000040012698      0x2d0 common/built-in.o
 .text.b_addqchr
                0x0000000040012968       0x4c common/built-in.o
 .text.get_local_var
                0x00000000400129b4       0x98 common/built-in.o
                0x00000000400129b4                get_local_var
 .text.set_local_var
                0x0000000040012a4c      0x1ac common/built-in.o
                0x0000000040012a4c                set_local_var
 .text.insert_var_value_sub
                0x0000000040012bf8      0x2c8 common/built-in.o
 .text.parse_stream_outer
                0x0000000040012ec0      0x76c common/built-in.o
 .text.parse_file_outer
                0x000000004001362c       0x44 common/built-in.o
                0x000000004001362c                parse_file_outer
 .text.parse_string_outer
                0x0000000040013670       0xf0 common/built-in.o
                0x0000000040013670                parse_string_outer
 .text.run_list_real
                0x0000000040013760      0x830 common/built-in.o
 .text.ft_verify_fdt
                0x0000000040013f90        0x8 common/built-in.o
                0x0000000040013f90                ft_verify_fdt
 .text.fdt_error
                0x0000000040013f98       0x2c common/built-in.o
 .text.image_setup_libfdt
                0x0000000040013fc4      0x104 common/built-in.o
                0x0000000040013fc4                image_setup_libfdt
 .text.boot_get_fdt
                0x00000000400140c8      0x2c0 common/built-in.o
                0x00000000400140c8                boot_get_fdt
 .text.boot_relocate_fdt
                0x0000000040014388      0x1bc common/built-in.o
                0x0000000040014388                boot_relocate_fdt
 .text.boot_fdt_add_mem_rsv_regions
                0x0000000040014544       0x94 common/built-in.o
                0x0000000040014544                boot_fdt_add_mem_rsv_regions
 .text.image_multi_count
                0x00000000400145d8       0x24 common/built-in.o
                0x00000000400145d8                image_multi_count
 .text.genimg_get_os_name
                0x00000000400145fc       0x38 common/built-in.o
                0x00000000400145fc                genimg_get_os_name
 .text.genimg_get_type_name
                0x0000000040014634       0x38 common/built-in.o
                0x0000000040014634                genimg_get_type_name
 .text.genimg_get_image
                0x000000004001466c        0x4 common/built-in.o
                0x000000004001466c                genimg_get_image
 .text.genimg_has_config
                0x0000000040014670        0x8 common/built-in.o
                0x0000000040014670                genimg_has_config
 .text.on_loadaddr
                0x0000000040014678       0x38 common/built-in.o
 .text.getenv_bootm_low
                0x00000000400146b0       0x30 common/built-in.o
                0x00000000400146b0                getenv_bootm_low
 .text.image_multi_getimg
                0x00000000400146e0       0xa8 common/built-in.o
                0x00000000400146e0                image_multi_getimg
 .text.genimg_get_format
                0x0000000040014788       0x48 common/built-in.o
                0x0000000040014788                genimg_get_format
 .text.genimg_print_time
                0x00000000400147d0       0x48 common/built-in.o
                0x00000000400147d0                genimg_print_time
 .text.genimg_print_size
                0x0000000040014818       0x30 common/built-in.o
                0x0000000040014818                genimg_print_size
 .text.image_print_contents
                0x0000000040014848      0x284 common/built-in.o
                0x0000000040014848                image_print_contents
 .text.memmove_wd
                0x0000000040014acc        0xc common/built-in.o
                0x0000000040014acc                memmove_wd
 .text.boot_ramdisk_high
                0x0000000040014ad8      0x12c common/built-in.o
                0x0000000040014ad8                boot_ramdisk_high
 .text.image_setup_linux
                0x0000000040014c04       0x88 common/built-in.o
                0x0000000040014c04                image_setup_linux
 .text.getenv_bootm_size
                0x0000000040014c8c       0x5c common/built-in.o
                0x0000000040014c8c                getenv_bootm_size
 .text.getenv_bootm_mapsize
                0x0000000040014ce8       0x30 common/built-in.o
                0x0000000040014ce8                getenv_bootm_mapsize
 .text.image_check_dcrc
                0x0000000040014d18       0x60 common/built-in.o
                0x0000000040014d18                image_check_dcrc
 .text.image_check_hcrc
                0x0000000040014d78       0x68 common/built-in.o
                0x0000000040014d78                image_check_hcrc
 .text.boot_get_ramdisk
                0x0000000040014de0      0x290 common/built-in.o
                0x0000000040014de0                boot_get_ramdisk
 .text.__show_boot_progress
                0x0000000040015070        0x4 common/built-in.o
                0x0000000040015070                __show_boot_progress
                0x0000000040015070                show_boot_progress
 .text.run_command_list
                0x0000000040015074       0x5c common/built-in.o
                0x0000000040015074                run_command_list
 .text.run_command
                0x00000000400150d0        0x8 common/built-in.o
                0x00000000400150d0                run_command
 .text.do_run   0x00000000400150d8       0x6c common/built-in.o
                0x00000000400150d8                do_run
 .text.delete_char
                0x0000000040015144       0xdc common/built-in.o
 .text.cread_add_char
                0x0000000040015220       0xec common/built-in.o
 .text.readline_into_buffer
                0x000000004001530c      0x9f0 common/built-in.o
                0x000000004001530c                readline_into_buffer
 .text.readline
                0x0000000040015cfc       0x1c common/built-in.o
                0x0000000040015cfc                readline
 .text.main_loop
                0x0000000040015d18      0x124 common/built-in.o
                0x0000000040015d18                main_loop
 .text.miiphy_init
                0x0000000040015e3c       0x24 common/built-in.o
                0x0000000040015e3c                miiphy_init
 .text.miiphy_get_current_dev
                0x0000000040015e60       0x18 common/built-in.o
                0x0000000040015e60                miiphy_get_current_dev
 .text.miiphy_is_1000base_x
                0x0000000040015e78        0x8 common/built-in.o
                0x0000000040015e78                miiphy_is_1000base_x
 .text.miiphy_listdev
                0x0000000040015e80       0x74 common/built-in.o
                0x0000000040015e80                miiphy_listdev
 .text.miiphy_get_dev_by_name
                0x0000000040015ef4       0x64 common/built-in.o
                0x0000000040015ef4                miiphy_get_dev_by_name
 .text.miiphy_set_current_dev
                0x0000000040015f58       0x40 common/built-in.o
                0x0000000040015f58                miiphy_set_current_dev
 .text.mdio_register
                0x0000000040015f98       0x90 common/built-in.o
                0x0000000040015f98                mdio_register
 .text.miiphy_get_active_dev
                0x0000000040016028       0x50 common/built-in.o
 .text.miiphy_write
                0x0000000040016078       0x3c common/built-in.o
                0x0000000040016078                miiphy_write
 .text.miiphy_read
                0x00000000400160b4       0x48 common/built-in.o
                0x00000000400160b4                miiphy_read
 .text.miiphy_duplex
                0x00000000400160fc       0x90 common/built-in.o
                0x00000000400160fc                miiphy_duplex
 .text.miiphy_speed
                0x000000004001618c       0x90 common/built-in.o
                0x000000004001618c                miiphy_speed
 .text.miiphy_info
                0x000000004001621c       0x90 common/built-in.o
                0x000000004001621c                miiphy_info
 .text.mdio_alloc
                0x00000000400162ac       0x30 common/built-in.o
                0x00000000400162ac                mdio_alloc
 .text.hex2_bin
                0x00000000400162dc       0x80 common/built-in.o
 .text.srec_decode
                0x000000004001635c      0x270 common/built-in.o
                0x000000004001635c                srec_decode
 .text.stdio_get_list
                0x00000000400165cc        0xc common/built-in.o
                0x00000000400165cc                stdio_get_list
 .text.stdio_clone
                0x00000000400165d8       0x38 common/built-in.o
                0x00000000400165d8                stdio_clone
 .text.stdio_register
                0x0000000040016610       0x40 common/built-in.o
                0x0000000040016610                stdio_register
 .text.stdio_init
                0x0000000040016650       0x90 common/built-in.o
                0x0000000040016650                stdio_init
 .text.stdio_get_by_name
                0x00000000400166e0       0x4c common/built-in.o
                0x00000000400166e0                stdio_get_by_name
 .text.usb_disable_asynch
                0x000000004001672c       0x1c common/built-in.o
                0x000000004001672c                usb_disable_asynch
 .text.usb_maxpacket
                0x0000000040016748       0x24 common/built-in.o
                0x0000000040016748                usb_maxpacket
 .text.usb_set_maxpacket_ep
                0x000000004001676c       0x70 common/built-in.o
 .text.usb_get_dev_index
                0x00000000400167dc       0x24 common/built-in.o
                0x00000000400167dc                usb_get_dev_index
 .text.usb_alloc_device
                0x0000000040016800        0x8 common/built-in.o
                0x0000000040016800                usb_alloc_device
 .text.usb_alloc_new_device
                0x0000000040016808       0xa8 common/built-in.o
                0x0000000040016808                usb_alloc_new_device
 .text.usb_free_device
                0x00000000400168b0       0x48 common/built-in.o
                0x00000000400168b0                usb_free_device
 .text.usb_bulk_msg
                0x00000000400168f8       0x6c common/built-in.o
                0x00000000400168f8                usb_bulk_msg
 .text.usb_control_msg
                0x0000000040016964       0xfc common/built-in.o
                0x0000000040016964                usb_control_msg
 .text.usb_get_descriptor
                0x0000000040016a60       0x64 common/built-in.o
 .text.usb_get_configuration_no
                0x0000000040016ac4       0xc0 common/built-in.o
                0x0000000040016ac4                usb_get_configuration_no
 .text.usb_get_string
                0x0000000040016b84       0x74 common/built-in.o
 .text.usb_string_sub
                0x0000000040016bf8      0x100 common/built-in.o
 .text.usb_string
                0x0000000040016cf8      0x104 common/built-in.o
                0x0000000040016cf8                usb_string
 .text.usb_set_interface
                0x0000000040016dfc       0xb8 common/built-in.o
                0x0000000040016dfc                usb_set_interface
 .text.usb_clear_halt
                0x0000000040016eb4       0xa8 common/built-in.o
                0x0000000040016eb4                usb_clear_halt
 .text.usb_stop
                0x0000000040016f5c       0x5c common/built-in.o
                0x0000000040016f5c                usb_stop
 .text.usb_new_device
                0x0000000040016fb8      0x62c common/built-in.o
                0x0000000040016fb8                usb_new_device
 .text.usb_init
                0x00000000400175e4      0x11c common/built-in.o
                0x00000000400175e4                usb_init
 .text.usb_hub_reset_devices
                0x0000000040017700        0x4 common/built-in.o
                0x0000000040017700                usb_hub_reset_devices
 .text.usb_hub_reset
                0x0000000040017704       0x14 common/built-in.o
                0x0000000040017704                usb_hub_reset
 .text.usb_get_port_status
                0x0000000040017718       0x58 common/built-in.o
 .text.usb_clear_port_feature
                0x0000000040017770       0x58 common/built-in.o
 .text.usb_hub_power_on
                0x00000000400177c8       0xe8 common/built-in.o
 .text.hub_port_reset
                0x00000000400178b0       0xf0 common/built-in.o
                0x00000000400178b0                hub_port_reset
 .text.usb_hub_port_connect_change
                0x00000000400179a0      0x130 common/built-in.o
                0x00000000400179a0                usb_hub_port_connect_change
 .text.usb_hub_configure
                0x0000000040017ad0      0x378 common/built-in.o
 .text.usb_hub_probe
                0x0000000040017e48       0x5c common/built-in.o
                0x0000000040017e48                usb_hub_probe
 .text.usb_stor_get_dev
                0x0000000040017ea4       0x2c common/built-in.o
                0x0000000040017ea4                usb_stor_get_dev
 .text.usb_stor_irq
                0x0000000040017ed0       0x1c common/built-in.o
 .text.usb_storage_probe
                0x0000000040017eec      0x224 common/built-in.o
                0x0000000040017eec                usb_storage_probe
 .text.usb_stor_BBB_reset
                0x0000000040018110       0xd0 common/built-in.o
 .text.usb_stor_CB_reset
                0x00000000400181e0       0xd4 common/built-in.o
 .text.usb_stor_BBB_transport
                0x00000000400182b4      0x2d8 common/built-in.o
 .text.usb_stor_CB_comdat
                0x000000004001858c      0x230 common/built-in.o
 .text.usb_stor_CBI_get_status
                0x00000000400187bc       0xdc common/built-in.o
 .text.usb_stor_CB_transport
                0x0000000040018898      0x1f0 common/built-in.o
 .text.usb_stor_info
                0x0000000040018a88       0x70 common/built-in.o
                0x0000000040018a88                usb_stor_info
 .text.T.125    0x0000000040018af8       0x70 common/built-in.o
 .text.usb_stor_read
                0x0000000040018b68      0x1c4 common/built-in.o
                0x0000000040018b68                usb_stor_read
 .text.usb_stor_write
                0x0000000040018d2c      0x1c4 common/built-in.o
                0x0000000040018d2c                usb_stor_write
 .text.usb_stor_get_info
                0x0000000040018ef0      0x378 common/built-in.o
                0x0000000040018ef0                usb_stor_get_info
 .text.usb_stor_scan
                0x0000000040019268      0x1f0 common/built-in.o
                0x0000000040019268                usb_stor_scan
 .text.xyzModem_error
                0x0000000040019458       0x20 common/built-in.o
                0x0000000040019458                xyzModem_error
 .text.CYGACC_COMM_IF_GETC_TIMEOUT
                0x0000000040019478       0x58 common/built-in.o
 .text.xyzModem_stream_terminate
                0x00000000400194d0       0xb0 common/built-in.o
                0x00000000400194d0                xyzModem_stream_terminate
 .text.xyzModem_stream_close
                0x0000000040019580       0x50 common/built-in.o
                0x0000000040019580                xyzModem_stream_close
 .text.xyzModem_get_hdr
                0x00000000400195d0      0x2b4 common/built-in.o
 .text.xyzModem_stream_read
                0x0000000040019884      0x248 common/built-in.o
                0x0000000040019884                xyzModem_stream_read
 .text.xyzModem_stream_open
                0x0000000040019acc      0x250 common/built-in.o
                0x0000000040019acc                xyzModem_stream_open
 .text.get_dev  0x0000000040019d1c       0x68 disk/built-in.o
                0x0000000040019d1c                get_dev
 .text.get_device
                0x0000000040019d84       0x88 disk/built-in.o
                0x0000000040019d84                get_device
 .text.get_partition_info
                0x0000000040019e0c       0x24 disk/built-in.o
                0x0000000040019e0c                get_partition_info
 .text.get_device_and_partition
                0x0000000040019e30      0x454 disk/built-in.o
                0x0000000040019e30                get_device_and_partition
 .text.dev_print
                0x000000004001a284      0x228 disk/built-in.o
                0x000000004001a284                dev_print
 .text.init_part
                0x000000004001a4ac       0x20 disk/built-in.o
                0x000000004001a4ac                init_part
 .text.print_part
                0x000000004001a4cc       0xf8 disk/built-in.o
                0x000000004001a4cc                print_part
 .text.get_partition_info_extended
                0x000000004001a5c4      0x2b0 disk/built-in.o
 .text.get_partition_info_dos
                0x000000004001a874       0x28 disk/built-in.o
                0x000000004001a874                get_partition_info_dos
 .text.test_block_type
                0x000000004001a89c       0x80 disk/built-in.o
 .text.print_partition_extended
                0x000000004001a91c      0x278 disk/built-in.o
 .text.print_part_dos
                0x000000004001ab94       0x34 disk/built-in.o
                0x000000004001ab94                print_part_dos
 .text.test_part_dos
                0x000000004001abc8       0x64 disk/built-in.o
                0x000000004001abc8                test_part_dos
 .text.GregorianDay
                0x000000004001ac2c       0xf0 drivers/built-in.o
                0x000000004001ac2c                GregorianDay
 .text.to_tm    0x000000004001ad1c      0x114 drivers/built-in.o
                0x000000004001ad1c                to_tm
 .text.mktime   0x000000004001ae30       0x98 drivers/built-in.o
                0x000000004001ae30                mktime
 .text.rtc_get  0x000000004001aec8       0x20 drivers/built-in.o
                0x000000004001aec8                rtc_get
 .text.mxs_rtc_set_time
                0x000000004001aee8       0x48 drivers/built-in.o
                0x000000004001aee8                mxs_rtc_set_time
 .text.rtc_reset
                0x000000004001af30       0x30 drivers/built-in.o
                0x000000004001af30                rtc_reset
 .text.rtc_set  0x000000004001af60       0x30 drivers/built-in.o
                0x000000004001af60                rtc_set
 .text.mxs_dma_release
                0x000000004001af90       0x58 drivers/dma/built-in.o
                0x000000004001af90                mxs_dma_release
 .text.mxs_dma_init_channel
                0x000000004001afe8       0xb4 drivers/dma/built-in.o
                0x000000004001afe8                mxs_dma_init_channel
 .text.mxs_dma_init
                0x000000004001b09c       0x2c drivers/dma/built-in.o
                0x000000004001b09c                mxs_dma_init
 .text.mxs_dma_go
                0x000000004001b0c8      0x384 drivers/dma/built-in.o
                0x000000004001b0c8                mxs_dma_go
 .text.mxs_dma_desc_free
                0x000000004001b44c        0xc drivers/dma/built-in.o
                0x000000004001b44c                mxs_dma_desc_free
 .text.mxs_dma_desc_alloc
                0x000000004001b458       0x30 drivers/dma/built-in.o
                0x000000004001b458                mxs_dma_desc_alloc
 .text.mxs_dma_flush_desc
                0x000000004001b488        0x8 drivers/dma/built-in.o
                0x000000004001b488                mxs_dma_flush_desc
 .text.mxs_dma_desc_append
                0x000000004001b490       0xd4 drivers/dma/built-in.o
                0x000000004001b490                mxs_dma_desc_append
 .text.mxs_gpio_init
                0x000000004001b564       0x34 drivers/gpio/built-in.o
                0x000000004001b564                mxs_gpio_init
 .text.gpio_get_value
                0x000000004001b598       0x28 drivers/gpio/built-in.o
                0x000000004001b598                gpio_get_value
 .text.gpio_set_value
                0x000000004001b5c0       0x48 drivers/gpio/built-in.o
                0x000000004001b5c0                gpio_set_value
 .text.gpio_direction_input
                0x000000004001b608       0x30 drivers/gpio/built-in.o
                0x000000004001b608                gpio_direction_input
 .text.gpio_direction_output
                0x000000004001b638       0x3c drivers/gpio/built-in.o
                0x000000004001b638                gpio_direction_output
 .text.gpio_request
                0x000000004001b674       0x14 drivers/gpio/built-in.o
                0x000000004001b674                gpio_request
 .text.gpio_free
                0x000000004001b688        0x8 drivers/gpio/built-in.o
                0x000000004001b688                gpio_free
 .text.get_mtd_device
                0x000000004001b690       0x70 drivers/mtd/built-in.o
                0x000000004001b690                get_mtd_device
 .text.mtd_erase
                0x000000004001b700       0xbc drivers/mtd/built-in.o
                0x000000004001b700                mtd_erase
 .text.mtd_write
                0x000000004001b7bc       0xbc drivers/mtd/built-in.o
                0x000000004001b7bc                mtd_write
 .text.mtd_read_oob
                0x000000004001b878       0x30 drivers/mtd/built-in.o
                0x000000004001b878                mtd_read_oob
 .text.mtd_get_fact_prot_info
                0x000000004001b8a8       0x28 drivers/mtd/built-in.o
                0x000000004001b8a8                mtd_get_fact_prot_info
 .text.mtd_read_fact_prot_reg
                0x000000004001b8d0       0x4c drivers/mtd/built-in.o
                0x000000004001b8d0                mtd_read_fact_prot_reg
 .text.mtd_get_user_prot_info
                0x000000004001b91c       0x28 drivers/mtd/built-in.o
                0x000000004001b91c                mtd_get_user_prot_info
 .text.mtd_read_user_prot_reg
                0x000000004001b944       0x4c drivers/mtd/built-in.o
                0x000000004001b944                mtd_read_user_prot_reg
 .text.mtd_write_user_prot_reg
                0x000000004001b990       0x4c drivers/mtd/built-in.o
                0x000000004001b990                mtd_write_user_prot_reg
 .text.mtd_lock_user_prot_reg
                0x000000004001b9dc       0x30 drivers/mtd/built-in.o
                0x000000004001b9dc                mtd_lock_user_prot_reg
 .text.mtd_lock
                0x000000004001ba0c       0x98 drivers/mtd/built-in.o
                0x000000004001ba0c                mtd_lock
 .text.mtd_unlock
                0x000000004001baa4       0x98 drivers/mtd/built-in.o
                0x000000004001baa4                mtd_unlock
 .text.mtd_block_isbad
                0x000000004001bb3c       0x48 drivers/mtd/built-in.o
                0x000000004001bb3c                mtd_block_isbad
 .text.mtd_block_markbad
                0x000000004001bb84       0x58 drivers/mtd/built-in.o
                0x000000004001bb84                mtd_block_markbad
 .text.mtd_read
                0x000000004001bbdc       0xb8 drivers/mtd/built-in.o
                0x000000004001bbdc                mtd_read
 .text.put_mtd_device
                0x000000004001bc94       0x2c drivers/mtd/built-in.o
                0x000000004001bc94                put_mtd_device
 .text.del_mtd_device
                0x000000004001bcc0       0x50 drivers/mtd/built-in.o
                0x000000004001bcc0                del_mtd_device
 .text.add_mtd_device
                0x000000004001bd10       0x80 drivers/mtd/built-in.o
                0x000000004001bd10                add_mtd_device
 .text.get_mtd_device_nm
                0x000000004001bd90       0x68 drivers/mtd/built-in.o
                0x000000004001bd90                get_mtd_device_nm
 .text.part_write_oob
                0x000000004001bdf8       0xa4 drivers/mtd/built-in.o
 .text.mtd_erase_callback
                0x000000004001be9c       0x70 drivers/mtd/built-in.o
                0x000000004001be9c                mtd_erase_callback
 .text.part_sync
                0x000000004001bf0c       0x1c drivers/mtd/built-in.o
 .text.part_block_isbad
                0x000000004001bf28       0x1c drivers/mtd/built-in.o
 .text.part_erase
                0x000000004001bf44       0x74 drivers/mtd/built-in.o
 .text.part_block_markbad
                0x000000004001bfb8       0x30 drivers/mtd/built-in.o
 .text.part_unlock
                0x000000004001bfe8       0x1c drivers/mtd/built-in.o
 .text.part_lock
                0x000000004001c004       0x1c drivers/mtd/built-in.o
 .text.part_get_fact_prot_info
                0x000000004001c020        0x8 drivers/mtd/built-in.o
 .text.part_get_user_prot_info
                0x000000004001c028        0x8 drivers/mtd/built-in.o
 .text.part_lock_user_prot_reg
                0x000000004001c030        0x8 drivers/mtd/built-in.o
 .text.part_write_user_prot_reg
                0x000000004001c038        0x8 drivers/mtd/built-in.o
 .text.part_read_fact_prot_reg
                0x000000004001c040        0x8 drivers/mtd/built-in.o
 .text.part_read_user_prot_reg
                0x000000004001c048        0x8 drivers/mtd/built-in.o
 .text.part_read_oob
                0x000000004001c050       0xa4 drivers/mtd/built-in.o
 .text.part_write
                0x000000004001c0f4       0x1c drivers/mtd/built-in.o
 .text.part_read
                0x000000004001c110       0x94 drivers/mtd/built-in.o
 .text.del_mtd_partitions
                0x000000004001c1a4       0x88 drivers/mtd/built-in.o
                0x000000004001c1a4                del_mtd_partitions
 .text.add_mtd_partitions
                0x000000004001c22c      0x678 drivers/mtd/built-in.o
                0x000000004001c22c                add_mtd_partitions
 .text.mxs_nand_device_ready
                0x000000004001c8a4       0x28 drivers/mtd/nand/built-in.o
 .text.mxs_nand_select_chip
                0x000000004001c8cc       0x10 drivers/mtd/nand/built-in.o
 .text.mxs_nand_hook_read_oob
                0x000000004001c8dc       0x3c drivers/mtd/nand/built-in.o
 .text.mxs_nand_hook_write_oob
                0x000000004001c918       0x3c drivers/mtd/nand/built-in.o
 .text.mxs_nand_hook_block_markbad
                0x000000004001c954       0x28 drivers/mtd/nand/built-in.o
 .text.mxs_nand_block_bad
                0x000000004001c97c        0x8 drivers/mtd/nand/built-in.o
 .text.mxs_nand_ecc_write_oob
                0x000000004001c984       0x94 drivers/mtd/nand/built-in.o
 .text.mxs_nand_get_dma_desc
                0x000000004001ca18       0x3c drivers/mtd/nand/built-in.o
 .text.mxs_nand_return_dma_descs
                0x000000004001ca54       0x44 drivers/mtd/nand/built-in.o
 .text.mxs_nand_write_buf
                0x000000004001ca98       0xbc drivers/mtd/nand/built-in.o
 .text.mxs_nand_cmd_ctrl
                0x000000004001cb54       0xd8 drivers/mtd/nand/built-in.o
 .text.mxs_nand_read_buf
                0x000000004001cc2c      0x104 drivers/mtd/nand/built-in.o
 .text.mxs_nand_ecc_read_oob
                0x000000004001cd30       0x8c drivers/mtd/nand/built-in.o
 .text.mxs_nand_read_byte
                0x000000004001cdbc       0x18 drivers/mtd/nand/built-in.o
 .text.mxs_nand_scan_bbt
                0x000000004001cdd4      0x160 drivers/mtd/nand/built-in.o
 .text.mxs_nand_init
                0x000000004001cf34      0x100 drivers/mtd/nand/built-in.o
                0x000000004001cf34                mxs_nand_init
 .text.mxs_nand_alloc_buffers
                0x000000004001d034       0x90 drivers/mtd/nand/built-in.o
                0x000000004001d034                mxs_nand_alloc_buffers
 .text.board_nand_init
                0x000000004001d0c4      0x15c drivers/mtd/nand/built-in.o
                0x000000004001d0c4                board_nand_init
 .text.mxs_nand_swap_block_mark
                0x000000004001d220      0x164 drivers/mtd/nand/built-in.o
 .text.mxs_nand_ecc_write_page
                0x000000004001d384      0x124 drivers/mtd/nand/built-in.o
 .text.mxs_nand_ecc_read_page
                0x000000004001d4a8      0x234 drivers/mtd/nand/built-in.o
 .text.nand_register
                0x000000004001d6dc       0x90 drivers/mtd/nand/built-in.o
                0x000000004001d6dc                nand_register
 .text.nand_init
                0x000000004001d76c       0x6c drivers/mtd/nand/built-in.o
                0x000000004001d76c                nand_init
 .text.generic_ffs
                0x000000004001d7d8       0x54 drivers/mtd/nand/built-in.o
 .text.nand_read_byte
                0x000000004001d82c       0x14 drivers/mtd/nand/built-in.o
                0x000000004001d82c                nand_read_byte
 .text.nand_read_byte16
                0x000000004001d840       0x14 drivers/mtd/nand/built-in.o
 .text.nand_read_word
                0x000000004001d854       0x10 drivers/mtd/nand/built-in.o
 .text.nand_write_buf
                0x000000004001d864       0x2c drivers/mtd/nand/built-in.o
                0x000000004001d864                nand_write_buf
 .text.nand_read_buf
                0x000000004001d890       0x2c drivers/mtd/nand/built-in.o
                0x000000004001d890                nand_read_buf
 .text.nand_verify_buf
                0x000000004001d8bc       0x44 drivers/mtd/nand/built-in.o
 .text.nand_write_buf16
                0x000000004001d900       0x34 drivers/mtd/nand/built-in.o
                0x000000004001d900                nand_write_buf16
 .text.nand_read_buf16
                0x000000004001d934       0x34 drivers/mtd/nand/built-in.o
                0x000000004001d934                nand_read_buf16
 .text.nand_verify_buf16
                0x000000004001d968       0x48 drivers/mtd/nand/built-in.o
 .text.nand_check_wp
                0x000000004001d9b0       0x4c drivers/mtd/nand/built-in.o
 .text.nand_read_page_raw
                0x000000004001d9fc       0x44 drivers/mtd/nand/built-in.o
 .text.nand_read_page_raw_syndrome
                0x000000004001da40       0xd0 drivers/mtd/nand/built-in.o
 .text.nand_read_page_swecc
                0x000000004001db10      0x128 drivers/mtd/nand/built-in.o
 .text.nand_read_subpage
                0x000000004001dc38      0x278 drivers/mtd/nand/built-in.o
 .text.nand_read_page_hwecc
                0x000000004001deb0      0x138 drivers/mtd/nand/built-in.o
 .text.nand_read_page_hwecc_oob_first
                0x000000004001dfe8      0x13c drivers/mtd/nand/built-in.o
 .text.nand_read_page_syndrome
                0x000000004001e124      0x120 drivers/mtd/nand/built-in.o
 .text.nand_read_oob_std
                0x000000004001e244       0x3c drivers/mtd/nand/built-in.o
 .text.nand_read_oob_syndrome
                0x000000004001e280      0x100 drivers/mtd/nand/built-in.o
 .text.nand_write_oob_std
                0x000000004001e380       0x70 drivers/mtd/nand/built-in.o
 .text.nand_write_oob_syndrome
                0x000000004001e3f0      0x1a8 drivers/mtd/nand/built-in.o
 .text.nand_write_page_raw
                0x000000004001e598       0x44 drivers/mtd/nand/built-in.o
 .text.nand_write_page_raw_syndrome
                0x000000004001e5dc       0xd0 drivers/mtd/nand/built-in.o
 .text.nand_write_page_swecc
                0x000000004001e6ac       0xb8 drivers/mtd/nand/built-in.o
 .text.nand_write_page_hwecc
                0x000000004001e764       0xcc drivers/mtd/nand/built-in.o
 .text.nand_write_page_syndrome
                0x000000004001e830       0xf0 drivers/mtd/nand/built-in.o
 .text.single_erase_cmd
                0x000000004001e920       0x3c drivers/mtd/nand/built-in.o
 .text.multi_erase_cmd
                0x000000004001e95c       0x8c drivers/mtd/nand/built-in.o
 .text.nand_sync
                0x000000004001e9e8       0x20 drivers/mtd/nand/built-in.o
 .text.nand_onfi_set_features
                0x000000004001ea08       0x60 drivers/mtd/nand/built-in.o
 .text.nand_write_page
                0x000000004001ea68       0xc4 drivers/mtd/nand/built-in.o
 .text.nand_block_bad
                0x000000004001eb2c      0x1a0 drivers/mtd/nand/built-in.o
 .text.nand_scan_ident
                0x000000004001eccc      0x830 drivers/mtd/nand/built-in.o
                0x000000004001eccc                nand_scan_ident
 .text.nand_select_chip
                0x000000004001f4fc       0x58 drivers/mtd/nand/built-in.o
 .text.nand_scan_tail
                0x000000004001f554      0x628 drivers/mtd/nand/built-in.o
                0x000000004001f554                nand_scan_tail
 .text.nand_scan
                0x000000004001fb7c       0x24 drivers/mtd/nand/built-in.o
                0x000000004001fb7c                nand_scan
 .text.nand_block_checkbad
                0x000000004001fba0       0x80 drivers/mtd/nand/built-in.o
 .text.nand_block_isbad
                0x000000004001fc20       0x1c drivers/mtd/nand/built-in.o
 .text.nand_block_markbad
                0x000000004001fc3c       0x3c drivers/mtd/nand/built-in.o
 .text.nand_onfi_get_features
                0x000000004001fc78       0x68 drivers/mtd/nand/built-in.o
 .text.nand_fill_oob
                0x000000004001fce0      0x128 drivers/mtd/nand/built-in.o
 .text.nand_do_write_oob
                0x000000004001fe08      0x1bc drivers/mtd/nand/built-in.o
 .text.nand_do_write_ops
                0x000000004001ffc4      0x37c drivers/mtd/nand/built-in.o
 .text.nand_write_oob
                0x0000000040020340       0xb8 drivers/mtd/nand/built-in.o
 .text.nand_write
                0x00000000400203f8       0x70 drivers/mtd/nand/built-in.o
 .text.nand_transfer_oob
                0x0000000040020468      0x114 drivers/mtd/nand/built-in.o
 .text.nand_do_read_ops
                0x000000004002057c      0x3d0 drivers/mtd/nand/built-in.o
 .text.nand_read_oob
                0x000000004002094c      0x2bc drivers/mtd/nand/built-in.o
 .text.nand_read
                0x0000000040020c08       0x70 drivers/mtd/nand/built-in.o
 .text.nand_wait
                0x0000000040020c78       0xd4 drivers/mtd/nand/built-in.o
 .text.nand_wait_ready
                0x0000000040020d4c       0x4c drivers/mtd/nand/built-in.o
                0x0000000040020d4c                nand_wait_ready
 .text.nand_command
                0x0000000040020d98      0x1dc drivers/mtd/nand/built-in.o
 .text.nand_command_lp
                0x0000000040020f74      0x268 drivers/mtd/nand/built-in.o
 .text.nand_erase_nand
                0x00000000400211dc      0x398 drivers/mtd/nand/built-in.o
                0x00000000400211dc                nand_erase_nand
 .text.nand_erase
                0x0000000040021574        0x8 drivers/mtd/nand/built-in.o
 .text.nand_default_block_markbad
                0x000000004002157c      0x1c8 drivers/mtd/nand/built-in.o
 .text.nand_isbad_bbt
                0x0000000040021744       0x50 drivers/mtd/nand/built-in.o
                0x0000000040021744                nand_isbad_bbt
 .text.read_bbt
                0x0000000040021794      0x204 drivers/mtd/nand/built-in.o
 .text.read_abs_bbt
                0x0000000040021998       0xc0 drivers/mtd/nand/built-in.o
 .text.scan_read_oob
                0x0000000040021a58       0xc0 drivers/mtd/nand/built-in.o
 .text.scan_read
                0x0000000040021b18       0x5c drivers/mtd/nand/built-in.o
 .text.write_bbt
                0x0000000040021b74      0x680 drivers/mtd/nand/built-in.o
 .text.nand_update_bbt
                0x00000000400221f4      0x110 drivers/mtd/nand/built-in.o
                0x00000000400221f4                nand_update_bbt
 .text.mark_bbt_region
                0x0000000040022304      0x18c drivers/mtd/nand/built-in.o
 .text.verify_bbt_descr
                0x0000000040022490      0x154 drivers/mtd/nand/built-in.o
 .text.check_pattern
                0x00000000400225e4       0xa8 drivers/mtd/nand/built-in.o
 .text.search_bbt
                0x000000004002268c      0x1c4 drivers/mtd/nand/built-in.o
 .text.create_bbt
                0x0000000040022850      0x300 drivers/mtd/nand/built-in.o
 .text.nand_scan_bbt
                0x0000000040022b50      0x4f0 drivers/mtd/nand/built-in.o
                0x0000000040022b50                nand_scan_bbt
 .text.nand_default_bbt
                0x0000000040023040      0x108 drivers/mtd/nand/built-in.o
                0x0000000040023040                nand_default_bbt
 .text.nand_calculate_ecc
                0x0000000040023148       0xf4 drivers/mtd/nand/built-in.o
                0x0000000040023148                nand_calculate_ecc
 .text.nand_correct_data
                0x000000004002323c      0x120 drivers/mtd/nand/built-in.o
                0x000000004002323c                nand_correct_data
 .text.check_skip_len
                0x000000004002335c       0xb0 drivers/mtd/nand/built-in.o
 .text.nand_read_skip_bad
                0x000000004002340c      0x274 drivers/mtd/nand/built-in.o
                0x000000004002340c                nand_read_skip_bad
 .text.nand_write_skip_bad
                0x0000000040023680      0x2cc drivers/mtd/nand/built-in.o
                0x0000000040023680                nand_write_skip_bad
 .text.nand_erase_opts
                0x000000004002394c      0x374 drivers/mtd/nand/built-in.o
                0x000000004002394c                nand_erase_opts
 .text.ubi_get_device
                0x0000000040023cc0       0x20 drivers/mtd/ubi/built-in.o
                0x0000000040023cc0                ubi_get_device
 .text.ubi_put_device
                0x0000000040023ce0       0x10 drivers/mtd/ubi/built-in.o
                0x0000000040023ce0                ubi_put_device
 .text.ubi_mtd_param_parse
                0x0000000040023cf0      0x1b8 drivers/mtd/ubi/built-in.o
                0x0000000040023cf0                ubi_mtd_param_parse
 .text.ubi_detach_mtd_dev
                0x0000000040023ea8       0xec drivers/mtd/ubi/built-in.o
                0x0000000040023ea8                ubi_detach_mtd_dev
 .text.ubi_exit
                0x0000000040023f94       0x48 drivers/mtd/ubi/built-in.o
                0x0000000040023f94                ubi_exit
 .text.ubi_attach_mtd_dev
                0x0000000040023fdc      0x778 drivers/mtd/ubi/built-in.o
                0x0000000040023fdc                ubi_attach_mtd_dev
 .text.ubi_init
                0x0000000040024754      0x170 drivers/mtd/ubi/built-in.o
                0x0000000040024754                ubi_init
 .text.crc32_le
                0x00000000400248c4       0xf0 drivers/mtd/ubi/built-in.o
                0x00000000400248c4                crc32_le
 .text.ubi_eba_close
                0x00000000400249b4       0x40 drivers/mtd/ubi/built-in.o
                0x00000000400249b4                ubi_eba_close
 .text.ubi_eba_init_scan
                0x00000000400249f4      0x248 drivers/mtd/ubi/built-in.o
                0x00000000400249f4                ubi_eba_init_scan
 .text.leb_write_unlock
                0x0000000040024c3c       0x6c drivers/mtd/ubi/built-in.o
 .text.leb_read_unlock
                0x0000000040024ca8       0x6c drivers/mtd/ubi/built-in.o
 .text.ltree_add_entry
                0x0000000040024d14       0xf8 drivers/mtd/ubi/built-in.o
 .text.ubi_eba_copy_leb
                0x0000000040024e0c      0x4a0 drivers/mtd/ubi/built-in.o
                0x0000000040024e0c                ubi_eba_copy_leb
 .text.ubi_eba_unmap_leb
                0x00000000400252ac       0x80 drivers/mtd/ubi/built-in.o
                0x00000000400252ac                ubi_eba_unmap_leb
 .text.ubi_eba_write_leb_st
                0x000000004002532c      0x5c0 drivers/mtd/ubi/built-in.o
                0x000000004002532c                ubi_eba_write_leb_st
 .text.ubi_eba_write_leb
                0x00000000400258ec      0x860 drivers/mtd/ubi/built-in.o
                0x00000000400258ec                ubi_eba_write_leb
 .text.ubi_eba_read_leb
                0x000000004002614c      0x280 drivers/mtd/ubi/built-in.o
                0x000000004002614c                ubi_eba_read_leb
 .text.erase_callback
                0x00000000400263cc        0x4 drivers/mtd/ubi/built-in.o
 .text.ubi_io_mark_bad
                0x00000000400263d0       0x80 drivers/mtd/ubi/built-in.o
                0x00000000400263d0                ubi_io_mark_bad
 .text.ubi_io_is_bad
                0x0000000040026450       0x5c drivers/mtd/ubi/built-in.o
                0x0000000040026450                ubi_io_is_bad
 .text.do_sync_erase
                0x00000000400264ac       0xd8 drivers/mtd/ubi/built-in.o
 .text.ubi_io_write
                0x0000000040026584       0x9c drivers/mtd/ubi/built-in.o
                0x0000000040026584                ubi_io_write
 .text.ubi_io_write_vid_hdr
                0x0000000040026620       0xa0 drivers/mtd/ubi/built-in.o
                0x0000000040026620                ubi_io_write_vid_hdr
 .text.ubi_io_write_ec_hdr
                0x00000000400266c0      0x10c drivers/mtd/ubi/built-in.o
                0x00000000400266c0                ubi_io_write_ec_hdr
 .text.ubi_io_read
                0x00000000400267cc       0xfc drivers/mtd/ubi/built-in.o
                0x00000000400267cc                ubi_io_read
 .text.ubi_io_read_vid_hdr
                0x00000000400268c8      0x4ec drivers/mtd/ubi/built-in.o
                0x00000000400268c8                ubi_io_read_vid_hdr
 .text.ubi_io_read_ec_hdr
                0x0000000040026db4      0x354 drivers/mtd/ubi/built-in.o
                0x0000000040026db4                ubi_io_read_ec_hdr
 .text.ubi_io_sync_erase
                0x0000000040027108      0x1d0 drivers/mtd/ubi/built-in.o
                0x0000000040027108                ubi_io_sync_erase
 .text.ubi_get_volume_info
                0x00000000400272d8       0x80 drivers/mtd/ubi/built-in.o
                0x00000000400272d8                ubi_get_volume_info
 .text.ubi_is_mapped
                0x0000000040027358       0x44 drivers/mtd/ubi/built-in.o
                0x0000000040027358                ubi_is_mapped
 .text.ubi_leb_unmap
                0x000000004002739c       0x60 drivers/mtd/ubi/built-in.o
                0x000000004002739c                ubi_leb_unmap
 .text.ubi_leb_read
                0x00000000400273fc      0x12c drivers/mtd/ubi/built-in.o
                0x00000000400273fc                ubi_leb_read
 .text.ubi_close_volume
                0x0000000040027528       0x64 drivers/mtd/ubi/built-in.o
                0x0000000040027528                ubi_close_volume
 .text.ubi_get_device_info
                0x000000004002758c       0x58 drivers/mtd/ubi/built-in.o
                0x000000004002758c                ubi_get_device_info
 .text.ubi_open_volume
                0x00000000400275e4      0x19c drivers/mtd/ubi/built-in.o
                0x00000000400275e4                ubi_open_volume
 .text.ubi_open_volume_nm
                0x0000000040027780       0xc8 drivers/mtd/ubi/built-in.o
                0x0000000040027780                ubi_open_volume_nm
 .text.ubi_calc_data_len
                0x0000000040027848       0x34 drivers/mtd/ubi/built-in.o
                0x0000000040027848                ubi_calc_data_len
 .text.ubi_calculate_reserved
                0x000000004002787c       0x28 drivers/mtd/ubi/built-in.o
                0x000000004002787c                ubi_calculate_reserved
 .text.ubi_check_volume
                0x00000000400278a4       0xac drivers/mtd/ubi/built-in.o
                0x00000000400278a4                ubi_check_volume
 .text.ubi_scan_find_sv
                0x0000000040027950       0x30 drivers/mtd/ubi/built-in.o
                0x0000000040027950                ubi_scan_find_sv
 .text.ubi_scan_find_seb
                0x0000000040027980       0x30 drivers/mtd/ubi/built-in.o
                0x0000000040027980                ubi_scan_find_seb
 .text.ubi_scan_destroy_si
                0x00000000400279b0      0x1fc drivers/mtd/ubi/built-in.o
                0x00000000400279b0                ubi_scan_destroy_si
 .text.validate_vid_hdr
                0x0000000040027bac      0x110 drivers/mtd/ubi/built-in.o
 .text.add_to_list
                0x0000000040027cbc       0xa8 drivers/mtd/ubi/built-in.o
 .text.ubi_scan_erase_peb
                0x0000000040027d64      0x100 drivers/mtd/ubi/built-in.o
                0x0000000040027d64                ubi_scan_erase_peb
 .text.ubi_scan_get_free_peb
                0x0000000040027e64      0x10c drivers/mtd/ubi/built-in.o
                0x0000000040027e64                ubi_scan_get_free_peb
 .text.ubi_scan_rm_volume
                0x0000000040027f70       0x6c drivers/mtd/ubi/built-in.o
                0x0000000040027f70                ubi_scan_rm_volume
 .text.ubi_scan_add_used
                0x0000000040027fdc      0xa18 drivers/mtd/ubi/built-in.o
                0x0000000040027fdc                ubi_scan_add_used
 .text.ubi_scan
                0x00000000400289f4      0x680 drivers/mtd/ubi/built-in.o
                0x00000000400289f4                ubi_scan
 .text.write_leb
                0x0000000040029074       0xcc drivers/mtd/ubi/built-in.o
 .text.clear_update_marker
                0x0000000040029140       0xec drivers/mtd/ubi/built-in.o
 .text.ubi_more_update_data
                0x000000004002922c      0x280 drivers/mtd/ubi/built-in.o
                0x000000004002922c                ubi_more_update_data
 .text.ubi_start_update
                0x00000000400294ac      0x174 drivers/mtd/ubi/built-in.o
                0x00000000400294ac                ubi_start_update
 .text.ubi_free_volume
                0x0000000040029620       0x14 drivers/mtd/ubi/built-in.o
                0x0000000040029620                ubi_free_volume
 .text.ubi_add_volume
                0x0000000040029634       0x50 drivers/mtd/ubi/built-in.o
                0x0000000040029634                ubi_add_volume
 .text.vol_release
                0x0000000040029684        0x4 drivers/mtd/ubi/built-in.o
 .text.ubi_resize_volume
                0x0000000040029688      0x28c drivers/mtd/ubi/built-in.o
                0x0000000040029688                ubi_resize_volume
 .text.ubi_create_volume
                0x0000000040029914      0x4f0 drivers/mtd/ubi/built-in.o
                0x0000000040029914                ubi_create_volume
 .text.create_vtbl
                0x0000000040029e04      0x378 drivers/mtd/ubi/built-in.o
 .text.vtbl_check
                0x000000004002a17c      0x38c drivers/mtd/ubi/built-in.o
 .text.ubi_read_volume_table
                0x000000004002a508      0x870 drivers/mtd/ubi/built-in.o
                0x000000004002a508                ubi_read_volume_table
 .text.ubi_change_vtbl_record
                0x000000004002ad78       0xe4 drivers/mtd/ubi/built-in.o
                0x000000004002ad78                ubi_change_vtbl_record
 .text.tree_destroy
                0x000000004002ae5c       0x58 drivers/mtd/ubi/built-in.o
 .text.ubi_wl_close
                0x000000004002aeb4       0xd8 drivers/mtd/ubi/built-in.o
                0x000000004002aeb4                ubi_wl_close
 .text.find_wl_entry
                0x000000004002af8c       0x44 drivers/mtd/ubi/built-in.o
 .text.do_work  0x000000004002afd0       0x70 drivers/mtd/ubi/built-in.o
 .text.schedule_erase
                0x000000004002b040       0x6c drivers/mtd/ubi/built-in.o
 .text.ensure_wear_leveling
                0x000000004002b0ac       0xcc drivers/mtd/ubi/built-in.o
 .text.ubi_wl_flush
                0x000000004002b178       0x50 drivers/mtd/ubi/built-in.o
                0x000000004002b178                ubi_wl_flush
 .text.prot_tree_del
                0x000000004002b1c8       0x60 drivers/mtd/ubi/built-in.o
 .text.wl_tree_add
                0x000000004002b228       0x68 drivers/mtd/ubi/built-in.o
 .text.ubi_wl_init_scan
                0x000000004002b290      0x30c drivers/mtd/ubi/built-in.o
                0x000000004002b290                ubi_wl_init_scan
 .text.erase_worker
                0x000000004002b59c      0x3ac drivers/mtd/ubi/built-in.o
 .text.ubi_wl_scrub_peb
                0x000000004002b948      0x164 drivers/mtd/ubi/built-in.o
                0x000000004002b948                ubi_wl_scrub_peb
 .text.ubi_wl_put_peb
                0x000000004002baac      0x17c drivers/mtd/ubi/built-in.o
                0x000000004002baac                ubi_wl_put_peb
 .text.prot_tree_add
                0x000000004002bc28       0xdc drivers/mtd/ubi/built-in.o
 .text.wear_leveling_worker
                0x000000004002bd04      0x310 drivers/mtd/ubi/built-in.o
 .text.ubi_wl_get_peb
                0x000000004002c014      0x17c drivers/mtd/ubi/built-in.o
                0x000000004002c014                ubi_wl_get_peb
 .text.fec_set_hwaddr
                0x000000004002c190       0x7c drivers/net/built-in.o
 .text.fec_mdio_write
                0x000000004002c20c       0x70 drivers/net/built-in.o
 .text.fec_phy_write
                0x000000004002c27c       0x14 drivers/net/built-in.o
                0x000000004002c27c                fec_phy_write
 .text.fec_mdio_read
                0x000000004002c290       0x80 drivers/net/built-in.o
 .text.fec_phy_read
                0x000000004002c310       0x10 drivers/net/built-in.o
                0x000000004002c310                fec_phy_read
 .text.fec_halt
                0x000000004002c320       0x6c drivers/net/built-in.o
 .text.fec_mii_setspeed
                0x000000004002c38c       0x34 drivers/net/built-in.o
 .text.swap_packet
                0x000000004002c3c0       0x54 drivers/net/built-in.o
 .text.fec_send
                0x000000004002c414      0x13c drivers/net/built-in.o
 .text.fec_init
                0x000000004002c550      0x33c drivers/net/built-in.o
 .text.fec_recv
                0x000000004002c88c      0x204 drivers/net/built-in.o
 .text.fec_get_miibus
                0x000000004002ca90       0xa4 drivers/net/built-in.o
                0x000000004002ca90                fec_get_miibus
 .text.fecmxc_initialize_multi
                0x000000004002cb34      0x3f4 drivers/net/built-in.o
                0x000000004002cb34                fecmxc_initialize_multi
 .text.serial_null
                0x000000004002cf28        0x4 drivers/serial/built-in.o
                0x000000004002cf28                jz_serial_initialize
                0x000000004002cf28                bfin_serial_initialize
                0x000000004002cf28                p3mx_serial_initialize
                0x000000004002cf28                leon2_serial_initialize
                0x000000004002cf28                leon3_serial_initialize
                0x000000004002cf28                amirix_serial_initialize
                0x000000004002cf28                marvell_serial_initialize
                0x000000004002cf28                cpci750_serial_initialize
                0x000000004002cf28                ns16550_serial_initialize
                0x000000004002cf28                asc_serial_initialize
                0x000000004002cf28                altera_serial_initialize
                0x000000004002cf28                oc_serial_initialize
                0x000000004002cf28                sh_serial_initialize
                0x000000004002cf28                mxs_auart_initialize
                0x000000004002cf28                arm_dcc_initialize
                0x000000004002cf28                bmw_serial_initialize
                0x000000004002cf28                mcf_serial_initialize
                0x000000004002cf28                lh7a40x_serial_initialize
                0x000000004002cf28                evb64260_serial_initialize
                0x000000004002cf28                lpc32xx_serial_initialize
                0x000000004002cf28                max3100_serial_initialize
                0x000000004002cf28                mpc85xx_serial_initialize
                0x000000004002cf28                imx_serial_initialize
                0x000000004002cf28                ixp_serial_initialize
                0x000000004002cf28                bfin_jtag_initialize
                0x000000004002cf28                cogent_serial_initialize
                0x000000004002cf28                clps7111_serial_initialize
                0x000000004002cf28                ml2_serial_initialize
                0x000000004002cf28                sandbox_serial_initialize
                0x000000004002cf28                s3c24xx_serial_initialize
                0x000000004002cf28                sconsole_serial_initialize
                0x000000004002cf28                uartlite_serial_initialize
                0x000000004002cf28                au1x00_serial_initialize
                0x000000004002cf28                pxa_serial_initialize
                0x000000004002cf28                atmel_serial_initialize
                0x000000004002cf28                altera_jtag_serial_initialize
                0x000000004002cf28                zynq_serial_initalize
                0x000000004002cf28                mpc512x_serial_initialize
                0x000000004002cf28                s5p_serial_initialize
                0x000000004002cf28                ks8695_serial_initialize
                0x000000004002cf28                sa1100_serial_initialize
                0x000000004002cf28                mpc8260_scc_serial_initialize
                0x000000004002cf28                mxc_serial_initialize
                0x000000004002cf28                iop480_serial_initialize
                0x000000004002cf28                mpc8xx_serial_initialize
                0x000000004002cf28                mpc8260_smc_serial_initialize
                0x000000004002cf28                mpc5xx_serial_initialize
 .text.serial_register
                0x000000004002cf2c       0x18 drivers/serial/built-in.o
                0x000000004002cf2c                serial_register
 .text.get_current
                0x000000004002cf44       0x3c drivers/serial/built-in.o
 .text.default_serial_puts
                0x000000004002cf80       0x34 drivers/serial/built-in.o
                0x000000004002cf80                default_serial_puts
 .text.serial_puts
                0x000000004002cfb4       0x1c drivers/serial/built-in.o
                0x000000004002cfb4                serial_puts
 .text.serial_putc
                0x000000004002cfd0       0x1c drivers/serial/built-in.o
                0x000000004002cfd0                serial_putc
 .text.serial_tstc
                0x000000004002cfec       0x14 drivers/serial/built-in.o
                0x000000004002cfec                serial_tstc
 .text.serial_getc
                0x000000004002d000       0x14 drivers/serial/built-in.o
                0x000000004002d000                serial_getc
 .text.serial_setbrg
                0x000000004002d014       0x14 drivers/serial/built-in.o
                0x000000004002d014                serial_setbrg
 .text.on_baudrate
                0x000000004002d028       0xfc drivers/serial/built-in.o
 .text.serial_init
                0x000000004002d124       0x14 drivers/serial/built-in.o
                0x000000004002d124                serial_init
 .text.serial_assign